14:37:58 **** Incremental Build of configuration Debug for project STM32F411CEU6_W5500_Modbus ****
make -j16 all 
arm-none-eabi-size  STM32F411CEU6_W5500_Modbus.elf 
   text	   data	    bss	    dec	    hex	filename
  12672	     92	   2148	  14912	   3a40	STM32F411CEU6_W5500_Modbus.elf
Finished building: default.size.stdout
 
14:38:20 **** Incremental Build of configuration Debug for project STM32F411CEU6_W5500_Modbus ****
make -j16 all 
arm-none-eabi-size  STM32F411CEU6_W5500_Modbus.elf 
   text	   data	    bss	    dec	    hex	filename
  12672	     92	   2148	  14912	   3a40	STM32F411CEU6_W5500_Modbus.elf
Finished building: default.size.stdout
 
14:38:57 **** Incremental Build of configuration Debug for project STM32F411CEU6_W5500_Modbus ****
make -j16 all 
arm-none-eabi-size  STM32F411CEU6_W5500_Modbus.elf 
   text	   data	    bss	    dec	    hex	filename
  12672	     92	   2148	  14912	   3a40	STM32F411CEU6_W5500_Modbus.elf
Finished building: default.size.stdout
 
